
******************************************************************************
This program contains Ipopt, a library for large-scale nonlinear optimization.
 Ipopt is released as open source code under the Eclipse Public License (EPL).
         For more information visit https://github.com/coin-or/Ipopt
******************************************************************************

This is Ipopt version 3.14.19, running with linear solver MUMPS 5.9.0.

Number of nonzeros in equality constraint Jacobian...:        0
Number of nonzeros in inequality constraint Jacobian.:      810
Number of nonzeros in Lagrangian Hessian.............:        0

Total number of variables............................:       18
                     variables with only lower bounds:        0
                variables with lower and upper bounds:       18
                     variables with only upper bounds:        0
Total number of equality constraints.................:        0
Total number of inequality constraints...............:       45
        inequality constraints with only lower bounds:        0
   inequality constraints with lower and upper bounds:        0
        inequality constraints with only upper bounds:       45

iter    objective    inf_pr   inf_du lg(mu)  ||d||  lg(rg) alpha_du alpha_pr  ls
   0 -4.2543258e+03 0.00e+00 1.87e+00   0.0 0.00e+00    -  0.00e+00 0.00e+00   0
   1 -4.2852608e+03 0.00e+00 2.96e+00   0.8 6.12e+00    -  9.91e-01 1.00e+00f  1
   2 -4.5818627e+03 0.00e+00 2.76e+00   0.6 1.89e+02    -  8.03e-01 1.00e+00f  1
   3 -4.4610138e+03 0.00e+00 4.36e+00  -5.4 2.85e+02    -  3.67e-01 6.04e-01H  1
   4 -4.8471556e+03 1.26e+00 2.24e+00   0.0 7.53e+01    -  1.00e+00 8.11e-01f  1
   5 -4.9108892e+03 9.23e-01 2.67e+00   0.0 1.00e+02    -  3.12e-01 3.88e-01f  1
   6 -4.9535624e+03 6.73e-02 6.48e-01  -0.8 2.73e+01    -  9.99e-01 9.21e-01f  1
   7 -4.9751127e+03 5.94e-02 4.92e-01  -2.0 2.40e+01    -  9.94e-01 7.52e-01f  1
   8 -4.9773731e+03 1.47e-01 6.11e-01  -2.1 3.37e+01    -  9.99e-01 9.23e-02f  1
   9 -4.9897454e+03 1.73e-01 9.71e-01  -2.7 3.19e+01    -  9.99e-01 1.00e+00f  1
iter    objective    inf_pr   inf_du lg(mu)  ||d||  lg(rg) alpha_du alpha_pr  ls
  10 -4.9959161e+03 2.21e-01 8.61e-01  -3.0 2.28e+02    -  1.00e+00 1.10e-01f  3
  11 -5.0143219e+03 2.54e-02 5.99e-01  -3.1 1.68e+01    -  1.00e+00 1.00e+00f  1
  12 -5.0273943e+03 5.13e-02 3.69e-01  -3.8 1.92e+01    -  1.00e+00 1.00e+00f  1
  13 -5.0279586e+03 4.30e-02 5.55e-01  -4.5 1.32e+01    -  1.00e+00 1.00e+00f  1
  14 -5.0324277e+03 2.47e-02 3.05e-01  -5.1 9.46e+00    -  1.00e+00 1.00e+00f  1
  15 -5.0361420e+03 1.55e-02 4.10e-01  -5.7 6.82e+00    -  1.00e+00 1.00e+00f  1
  16 -5.0332192e+03 1.07e-05 2.17e+00  -5.9 5.94e+01    -  1.00e+00 1.00e+00H  1
  17 -5.0627040e+03 4.84e-01 1.51e+00  -6.2 4.37e+01    -  1.00e+00 1.00e+00f  1
  18 -5.1241054e+03 3.95e-01 1.11e+00  -6.5 2.06e+01    -  1.00e+00 1.00e+00f  1
  19 -4.9304529e+03 2.04e-01 4.14e+00  -4.5 8.84e+01    -  6.99e-01 1.00e+00H  1
iter    objective    inf_pr   inf_du lg(mu)  ||d||  lg(rg) alpha_du alpha_pr  ls
  20 -5.1160719e+03 1.93e+00 1.21e+00  -4.8 6.62e+01    -  2.30e-02 8.29e-01f  1
  21 -4.9364941e+03 1.73e-02 2.88e+00  -4.8 1.07e+02    -  1.00e+00 1.00e+00H  1
  22 -4.9496845e+03 5.88e-02 2.74e+00  -4.8 5.17e+01    -  1.00e+00 4.59e-02f  1
  23 -5.0381572e+03 1.41e-01 1.15e+00  -4.8 3.84e+01    -  1.00e+00 5.14e-01f  1
  24 -5.1351880e+03 3.03e+00 1.41e+00  -4.8 5.89e+01    -  1.00e+00 1.00e+00f  1
  25 -4.9905951e+03 2.77e-02 3.72e+00  -4.9 7.57e+01    -  1.00e+00 9.93e-01H  1
  26 -5.1492116e+03 1.53e+00 8.57e-01  -5.0 6.47e+01    -  1.00e+00 1.00e+00f  1
  27 -5.0948779e+03 5.92e-01 3.06e+00  -5.3 2.72e+01    -  1.00e+00 1.00e+00h  1
  28 -5.1579504e+03 1.87e-01 5.23e-01  -5.4 1.66e+01    -  1.00e+00 1.00e+00f  1
  29 -5.1604459e+03 2.86e-02 2.34e-01  -6.3 6.84e+00    -  1.00e+00 1.00e+00f  1
iter    objective    inf_pr   inf_du lg(mu)  ||d||  lg(rg) alpha_du alpha_pr  ls
  30 -5.1638654e+03 7.27e-03 2.38e-01  -6.1 1.14e+01    -  1.00e+00 1.00e+00f  1
  31 -5.1361711e+03 3.11e-04 1.46e+00  -6.6 3.22e+01    -  1.00e+00 1.00e+00H  1
  32 -5.1662616e+03 3.57e-02 1.89e-01  -7.1 2.46e+01    -  1.00e+00 1.00e+00f  1
  33 -5.1666523e+03 8.93e-04 1.38e-01  -7.6 3.09e+00    -  1.00e+00 1.00e+00h  1
  34 -5.1670412e+03 4.05e-03 1.02e-01  -9.0 4.67e+00    -  1.00e+00 1.00e+00f  1
  35 -5.1674124e+03 4.11e-02 3.07e-01  -9.4 9.59e+00    -  1.00e+00 1.00e+00f  1
  36 -5.1610402e+03 0.00e+00 1.24e+00 -10.2 1.93e+01    -  1.00e+00 1.00e+00H  1
  37 -5.1679380e+03 6.32e-02 2.26e-01 -10.2 1.26e+01    -  1.00e+00 1.00e+00f  1
  38 -5.1675000e+03 8.04e-03 2.88e-01 -11.0 4.45e+00    -  1.00e+00 1.00e+00h  1
  39 -5.1681603e+03 5.63e-03 2.15e-02 -11.0 2.60e+00    -  1.00e+00 1.00e+00f  1
iter    objective    inf_pr   inf_du lg(mu)  ||d||  lg(rg) alpha_du alpha_pr  ls
  40 -5.1681634e+03 6.02e-05 1.53e-02 -11.0 5.91e-01    -  1.00e+00 1.00e+00h  1
  41 -5.1681504e+03 0.00e+00 5.42e-02 -11.0 2.67e+00    -  1.00e+00 1.00e+00H  1
  42 -5.1681714e+03 9.44e-05 3.97e-02 -11.0 1.31e+00    -  1.00e+00 5.00e-01f  2
  43 -5.1681853e+03 5.64e-05 2.11e-02 -11.0 1.29e+00    -  1.00e+00 1.00e+00h  1
  44 -5.1681867e+03 7.88e-05 1.56e-02 -11.0 3.10e-01    -  1.00e+00 1.00e+00h  1
  45 -5.1681813e+03 1.70e-07 3.69e-02 -11.0 6.87e-01    -  1.00e+00 1.00e+00H  1
  46 -5.1681859e+03 2.04e-06 1.54e-02 -11.0 4.40e-01    -  1.00e+00 5.00e-01f  2
  47 -5.1681892e+03 7.28e-05 3.27e-03 -11.0 4.74e-01    -  1.00e+00 1.00e+00h  1
  48 -5.1681885e+03 7.25e-06 8.81e-03 -11.0 1.05e-01    -  1.00e+00 1.00e+00h  1
  49 -5.1681891e+03 2.65e-06 2.56e-04 -11.0 9.41e-02    -  1.00e+00 1.00e+00h  1
iter    objective    inf_pr   inf_du lg(mu)  ||d||  lg(rg) alpha_du alpha_pr  ls
  50 -5.1681891e+03 2.36e-08 6.85e-05 -11.0 5.25e-03    -  1.00e+00 1.00e+00h  1
  51 -5.1681891e+03 5.09e-08 3.07e-04 -11.0 9.53e-03    -  1.00e+00 1.00e+00h  1
  52 -5.1681891e+03 0.00e+00 1.52e-04 -11.0 1.28e-02    -  1.00e+00 1.00e+00H  1
  53 -5.1681891e+03 3.73e-08 7.29e-05 -11.0 5.82e-03    -  1.00e+00 1.00e+00h  1
  54 -5.1681891e+03 1.84e-08 1.31e-04 -11.0 5.53e-03    -  1.00e+00 1.00e+00h  1
  55 -5.1681891e+03 5.63e-09 1.75e-05 -11.0 3.91e-03    -  1.00e+00 1.00e+00h  1
  56 -5.1681891e+03 7.00e-11 1.20e-05 -11.0 3.90e-04    -  1.00e+00 1.00e+00h  1
  57 -5.1681891e+03 2.04e-10 1.74e-05 -11.0 1.78e-03    -  1.00e+00 1.00e+00h  1
  58 -5.1681891e+03 8.53e-10 1.90e-05 -11.0 1.43e-03    -  1.00e+00 1.00e+00h  1
  59 -5.1681891e+03 1.75e-10 6.16e-06 -11.0 1.28e-03    -  1.00e+00 1.00e+00h  1
iter    objective    inf_pr   inf_du lg(mu)  ||d||  lg(rg) alpha_du alpha_pr  ls
  60 -5.1681891e+03 3.30e-11 1.35e-05 -11.0 5.93e-04    -  1.00e+00 1.00e+00h  1
  61 -5.1681891e+03 3.93e-11 6.25e-07 -11.0 4.75e-04    -  1.00e+00 1.00e+00h  1

Number of Iterations....: 61

                                   (scaled)                 (unscaled)
Objective...............:  -5.1681890771881399e+03   -5.1681890771881399e+03
Dual infeasibility......:   6.2509702962307699e-07    6.2509702962307699e-07
Constraint violation....:   3.9337212219834476e-11    3.9337212219834476e-11
Variable bound violation:   0.0000000000000000e+00    0.0000000000000000e+00
Complementarity.........:   9.9999999999999994e-12    9.9999999999999994e-12
Overall NLP error.......:   6.2509702962307699e-07    6.2509702962307699e-07


Number of objective function evaluations             = 87
Number of objective gradient evaluations             = 62
Number of equality constraint evaluations            = 0
Number of inequality constraint evaluations          = 87
Number of equality constraint Jacobian evaluations   = 0
Number of inequality constraint Jacobian evaluations = 62
Number of Lagrangian Hessian evaluations             = 0
Total seconds in IPOPT                               = 3.273

EXIT: Optimal Solution Found.
